../Core/Src/main.c:92:5:main	24	static
../Core/Src/main.c:155:6:SystemClock_Config	88	static
../Core/Src/main.c:202:13:MX_I2C1_Init	8	static
../Core/Src/main.c:236:13:MX_SPI1_Init	8	static
../Core/Src/main.c:274:13:MX_USART2_UART_Init	8	static
../Core/Src/main.c:307:13:MX_USART3_UART_Init	8	static
../Core/Src/main.c:340:13:MX_USB_PCD_Init	8	static
../Core/Src/main.c:371:13:MX_GPIO_Init	40	static
../Core/Src/main.c:435:6:sendData74595	24	static
../Core/Src/main.c:449:6:Scan7seg	8	static
../Core/Src/main.c:469:6:Error_Handler	4	static,ignoring_inline_asm
