../Core/Src/main.c:141:5:main	56	static
../Core/Src/main.c:254:6:SystemClock_Config	88	static
../Core/Src/main.c:301:13:MX_I2C1_Init	8	static
../Core/Src/main.c:335:13:MX_SPI1_Init	8	static
../Core/Src/main.c:373:13:MX_TIM1_Init	56	static
../Core/Src/main.c:423:13:MX_TIM2_Init	32	static
../Core/Src/main.c:468:13:MX_TIM4_Init	32	static
../Core/Src/main.c:513:13:MX_USART2_UART_Init	8	static
../Core/Src/main.c:546:13:MX_USART3_UART_Init	8	static
../Core/Src/main.c:579:13:MX_USB_PCD_Init	8	static
../Core/Src/main.c:610:13:MX_GPIO_Init	40	static
../Core/Src/main.c:679:19:PID_Caculator	24	static
../Core/Src/main.c:703:6:HAL_TIM_PeriodElapsedCallback	24	static
../Core/Src/main.c:713:6:HAL_GPIO_EXTI_Callback	16	static
../Core/Src/main.c:739:6:sendData74595	24	static
../Core/Src/main.c:753:6:Scan7seg	8	static
../Core/Src/main.c:768:6:HAL_UART_RxCpltCallback	16	static
../Core/Src/main.c:798:6:xuLyChuoiNhanVeTuLaptop	56	static
../Core/Src/main.c:833:6:Error_Handler	4	static,ignoring_inline_asm
