../Core/Src/main.c:113:5:main	8	static
../Core/Src/main.c:167:6:SystemClock_Config	72	static
../Core/Src/main.c:207:13:MX_I2C2_Init	8	static
../Core/Src/main.c:241:13:MX_TIM4_Init	32	static
../Core/Src/main.c:286:13:MX_USART1_UART_Init	8	static
../Core/Src/main.c:319:13:MX_GPIO_Init	40	static
../Core/Src/main.c:404:19:DoNhietDoThucTe	24	static
../Core/Src/main.c:423:19:QuetLed7Doan	16	static
../Core/Src/main.c:445:19:DichDuLieu74595	24	static
../Core/Src/main.c:459:19:TinhToanPID	24	static
../Core/Src/main.c:483:19:DieuKhienTriac	16	static
../Core/Src/main.c:496:8:EncoderHandle	8	static
../Core/Src/main.c:513:6:HAL_TIM_PeriodElapsedCallback	16	static
../Core/Src/main.c:529:6:HAL_GPIO_EXTI_Callback	16	static
../Core/Src/main.c:559:6:Error_Handler	4	static,ignoring_inline_asm
