../Core/Src/main.c:59:5:main	8	static
../Core/Src/main.c:102:6:SystemClock_Config	88	static
../Core/Src/main.c:149:13:MX_I2C1_Init	8	static
../Core/Src/main.c:180:13:MX_SPI1_Init	8	static
../Core/Src/main.c:215:13:MX_TIM1_Init	80	static
../Core/Src/main.c:281:13:MX_TIM4_Init	32	static
../Core/Src/main.c:323:13:MX_USART2_UART_Init	8	static
../Core/Src/main.c:353:13:MX_USART3_UART_Init	8	static
../Core/Src/main.c:383:13:MX_USB_PCD_Init	8	static
../Core/Src/main.c:411:13:MX_GPIO_Init	40	static
../Core/Src/main.c:496:6:Error_Handler	4	static
